Microchip MPLAB XC8 Compiler V2.20

Linker command line:

-W-3 --edf=C:\Program Files\Microchip\xc8\v2.20\pic\dat\en_msgs.txt -cn \
  -h+dist/default/production\I2C_MCC_20201103.X.production.sym \
  --cmf=dist/default/production\I2C_MCC_20201103.X.production.cmf -z \
  -Q16F18854 -oC:\Users\linda\AppData\Local\Temp\sd2k.2 \
  --defsym=__MPLAB_BUILD=1 \
  -Mdist/default/production/I2C_MCC_20201103.X.production.map -E1 \
  -ver=XC8 Compiler --acfsm=1493 -ASTACK=02025h-021EFh -pstack=STACK \
  -ACODE=00h-07FFhx2 -ASTRCODE=00h-0FFFh -ASTRING=00h-0FFhx16 \
  -ACONST=00h-0FFhx16 -AENTRY=00h-0FFhx16 -ACOMMON=070h-07Fh \
  -ABANK0=020h-06Fh -ABANK1=0A0h-0EFh -ABANK2=0120h-016Fh \
  -ABANK3=01A0h-01EFh -ABANK4=0220h-026Fh -ABANK5=02A0h-02EFh \
  -ABANK6=0320h-032Fh -ABIGRAM=02000h-021EFh \
  -ARAM=020h-06Fh,0A0h-0EFh,0120h-016Fh,01A0h-01EFh,0220h-026Fh,02A0h-02EFh,0320h-032Fh \
  -AABS1=020h-07Fh,0A0h-0EFh,0120h-016Fh,01A0h-01EFh,0220h-026Fh,02A0h-02EFh,0320h-032Fh \
  -ASFR0=00h-01Fh -ASFR1=080h-09Fh -ASFR2=0100h-011Fh -ASFR3=0180h-019Fh \
  -ASFR4=0200h-021Fh -ASFR5=0280h-029Fh -ASFR6=0300h-031Fh \
  -ASFR7=0380h-03EFh -ASFR8=0400h-046Fh -ASFR9=0480h-04EFh \
  -ASFR10=0500h-056Fh -ASFR11=0580h-05EFh -ASFR12=0600h-066Fh \
  -ASFR13=0680h-06EFh -ASFR14=0700h-076Fh -ASFR15=0780h-07EFh \
  -ASFR16=0800h-086Fh -ASFR17=0880h-08EFh -ASFR18=0900h-096Fh \
  -ASFR19=0980h-09EFh -ASFR20=0A00h-0A6Fh -ASFR21=0A80h-0AEFh \
  -ASFR22=0B00h-0B6Fh -ASFR23=0B80h-0BEFh -ASFR24=0C00h-0C6Fh \
  -ASFR25=0C80h-0CEFh -ASFR26=0D00h-0D6Fh -ASFR27=0D80h-0DEFh \
  -ASFR28=0E00h-0E6Fh -ASFR29=0E80h-0EEFh -ASFR30=0F00h-0F6Fh \
  -ASFR31=0F80h-0FEFh -ACONFIG=08007h-0800Bh -DCONFIG=2 \
  -AIDLOC=08000h-08003h -DIDLOC=2 \
  -preset_vec=00h,intentry=04h,init,end_init -ppowerup=CODE -pcinit=CODE \
  -pfunctab=ENTRY -AEEDATA=00h-0FFh/0F000h -peeprom_data=EEDATA -DEEDATA=2 \
  -DCODE=2 -DSTRCODE=2 -DSTRING=2 -DCONST=2 -DENTRY=2 -k \
  C:\Users\linda\AppData\Local\Temp\sd2k.o \
  dist/default/production\I2C_MCC_20201103.X.production.o 

Object code version is 3.11

Machine type is 16F18854



                Name                               Link     Load   Length Selector   Space Scale
C:\Users\linda\AppData\Local\Temp\sd2k.o
                end_init                             25       25        2        8       0
                reset_vec                             0        0        2        0       0
                config                             8007     8007        5        0       4
dist/default/production\I2C_MCC_20201103.X.production.o
                cinit                                27       27        C        8       0
                intentry                              4        4       21        8       0
                config                             8007     8007        5        0       4
                text47                              30A      30A        3      398       0
                text46                              307      307        3      398       0
                text45                              244      244       10      398       0
                text44                              186      186       26        8       0
                text43                              261      261        D      398       0
                text42                              233      233       11      398       0
                text41                              222      222       11      398       0
                text40                              211      211       11      398       0
                text39                              200      200       11      398       0
                text38                              1E8      1E8       18      398       0
                text37                              30F      30F        2      398       0
                text36                              30D      30D        2      398       0
                text35                              304      304        3      398       0
                text34                              2F4      2F4        4      398       0
                text33                              301      301        3      398       0
                text32                              2F0      2F0        4      398       0
                text31                              2E7      2E7        5      398       0
                text30                              2AF      2AF        6      398       0
                text29                              2FE      2FE        3      398       0
                text28                              100      100       2F        8       0
                text27                              2E2      2E2        5      398       0
                text26                              289      289        9      398       0
                text25                              29A      29A        8      398       0
                text24                               33       33       55        8       0
                text23                               88       88       46        8       0
                text22                              2A2      2A2        7      398       0
                text21                              2DD      2DD        5      398       0
                text20                              2D8      2D8        5      398       0
                text19                              2D3      2D3        5      398       0
                text18                              2CE      2CE        5      398       0
                text17                              2C9      2C9        5      398       0
                text16                              2C4      2C4        5      398       0
                text15                              2BF      2BF        5      398       0
                text14                              2BA      2BA        5      398       0
                text13                              12F      12F       2C        8       0
                text12                              2FB      2FB        3      398       0
                text11                              15B      15B       2B        8       0
                text10                              2EC      2EC        4      398       0
                text8                               2F8      2F8        3      398       0
                text7                               1CC      1CC       1C      398       0
                text6                               2B5      2B5        5      398       0
                text5                               280      280        9      398       0
                text4                               277      277        9      398       0
                text3                                CE       CE       32        8       0
                text2                               292      292        8      398       0
                text1                               254      254        D      398       0
                maintext                            26E      26E        9      398       0
                cstackBANK0                          3F       3F        6       20       1
                cstackCOMMON                         70       70        D       70       1
                clrtext                             2A9      2A9        6      398       0
                bssBANK0                             20       20       1F       20       1
                stringtext1                         1AC      1AC       20      358       0

TOTAL           Name                               Link     Load   Length     Space
        CLASS   STACK          

        CLASS   CODE           
                end_init                             25       25        2         0
                cinit                                27       27        C         0
                intentry                              4        4       21         0
                reset_vec                             0        0        2         0
                text47                              30A      30A        3         0
                text46                              307      307        3         0
                text45                              244      244       10         0
                text44                              186      186       26         0
                text43                              261      261        D         0
                text42                              233      233       11         0
                text41                              222      222       11         0
                text40                              211      211       11         0
                text39                              200      200       11         0
                text38                              1E8      1E8       18         0
                text37                              30F      30F        2         0
                text36                              30D      30D        2         0
                text35                              304      304        3         0
                text34                              2F4      2F4        4         0
                text33                              301      301        3         0
                text32                              2F0      2F0        4         0
                text31                              2E7      2E7        5         0
                text30                              2AF      2AF        6         0
                text29                              2FE      2FE        3         0
                text28                              100      100       2F         0
                text27                              2E2      2E2        5         0
                text26                              289      289        9         0
                text25                              29A      29A        8         0
                text24                               33       33       55         0
                text23                               88       88       46         0
                text22                              2A2      2A2        7         0
                text21                              2DD      2DD        5         0
                text20                              2D8      2D8        5         0
                text19                              2D3      2D3        5         0
                text18                              2CE      2CE        5         0
                text17                              2C9      2C9        5         0
                text16                              2C4      2C4        5         0
                text15                              2BF      2BF        5         0
                text14                              2BA      2BA        5         0
                text13                              12F      12F       2C         0
                text12                              2FB      2FB        3         0
                text11                              15B      15B       2B         0
                text10                              2EC      2EC        4         0
                text8                               2F8      2F8        3         0
                text7                               1CC      1CC       1C         0
                text6                               2B5      2B5        5         0
                text5                               280      280        9         0
                text4                               277      277        9         0
                text3                                CE       CE       32         0
                text2                               292      292        8         0
                text1                               254      254        D         0
                maintext                            26E      26E        9         0
                clrtext                             2A9      2A9        6         0

        CLASS   STRCODE        
                stringtext1                         1AC      1AC       20         0

        CLASS   STRING         

        CLASS   CONST          

        CLASS   ENTRY          

        CLASS   COMMON         
                cstackCOMMON                         70       70        D         1

        CLASS   BANK0          
                cstackBANK0                          3F       3F        6         1
                bssBANK0                             20       20       1F         1

        CLASS   BANK1          

        CLASS   BANK2          

        CLASS   BANK3          

        CLASS   BANK4          

        CLASS   BANK5          

        CLASS   BANK6          

        CLASS   BIGRAM         

        CLASS   RAM            

        CLASS   ABS1           
                abs_s1                               7E       7E        2         1

        CLASS   SFR0           

        CLASS   SFR1           

        CLASS   SFR2           

        CLASS   SFR3           

        CLASS   SFR4           

        CLASS   SFR5           

        CLASS   SFR6           

        CLASS   SFR7           

        CLASS   SFR8           

        CLASS   SFR9           

        CLASS   SFR10          

        CLASS   SFR11          

        CLASS   SFR12          

        CLASS   SFR13          

        CLASS   SFR14          

        CLASS   SFR15          

        CLASS   SFR16          

        CLASS   SFR17          

        CLASS   SFR18          

        CLASS   SFR19          

        CLASS   SFR20          

        CLASS   SFR21          

        CLASS   SFR22          

        CLASS   SFR23          

        CLASS   SFR24          

        CLASS   SFR25          

        CLASS   SFR26          

        CLASS   SFR27          

        CLASS   SFR28          

        CLASS   SFR29          

        CLASS   SFR30          

        CLASS   SFR31          

        CLASS   CONFIG         
                config                             8007     8007        5         4

        CLASS   IDLOC          

        CLASS   EEDATA         

        CLASS   BANK31         

        CLASS   BANK30         

        CLASS   BANK29         

        CLASS   BANK28         

        CLASS   BANK27         

        CLASS   BANK26         

        CLASS   BANK25         

        CLASS   BANK24         

        CLASS   BANK23         

        CLASS   BANK22         

        CLASS   BANK21         

        CLASS   BANK20         

        CLASS   BANK19         

        CLASS   BANK18         

        CLASS   BANK17         

        CLASS   BANK16         

        CLASS   BANK15         

        CLASS   BANK14         

        CLASS   BANK13         

        CLASS   BANK12         

        CLASS   BANK11         

        CLASS   BANK10         

        CLASS   BANK9          

        CLASS   BANK8          

        CLASS   BANK7          



SEGMENTS        Name                           Load    Length   Top    Selector   Space  Class     Delta

                reset_vec                      000000  000002  000002         0       0  CODE        2
                intentry                       000004  0001A8  0001AC         8       0  CODE        2
                bssBANK0                       000020  000025  000045        20       1  BANK0       1
                cstackCOMMON                   000070  00000D  00007D        70       1  COMMON      1
                stringtext1                    0001AC  000020  0001CC       358       0  STRCODE     2
                text7                          0001CC  000145  000311       398       0  CODE        2


UNUSED ADDRESS RANGES

        Name                Unused          Largest block    Delta
        BANK0            00045-0006F              2B           1
        BANK1            000A0-000EF              50           1
        BANK2            00120-0016F              50           1
        BANK3            001A0-001EF              50           1
        BANK4            00220-0026F              50           1
        BANK5            002A0-002EF              50           1
        BANK6            00320-0032F              10           1
        BIGRAM           02000-021EF             1F0           1
        CODE             00002-00003               2           2
                         00311-00FFF             4EF
        COMMON           0007D-0007D               1           1
        CONST            00002-00003               2           2
                         00311-00FFF             100
        EEDATA           0F000-0F0FF             100           2
        ENTRY            00002-00003               2           2
                         00311-00FFF             100
        IDLOC            08000-08003               4           2
        RAM              00045-0006F              2B           1
                         000A0-000EF              50
                         00120-0016F              50
                         001A0-001EF              50
                         00220-0026F              50
                         002A0-002EF              50
                         00320-0032F              10
        SFR0             00000-0001F              20           1
        SFR1             00080-0009F              20           1
        SFR10            00500-0056F              70           1
        SFR11            00580-005EF              70           1
        SFR12            00600-0066F              70           1
        SFR13            00680-006EF              70           1
        SFR14            00700-0076F              70           1
        SFR15            00780-007EF              70           1
        SFR16            00800-0086F              70           1
        SFR17            00880-008EF              70           1
        SFR18            00900-0096F              70           1
        SFR19            00980-009EF              70           1
        SFR2             00100-0011F              20           1
        SFR20            00A00-00A6F              70           1
        SFR21            00A80-00AEF              70           1
        SFR22            00B00-00B6F              70           1
        SFR23            00B80-00BEF              70           1
        SFR24            00C00-00C6F              70           1
        SFR25            00C80-00CEF              70           1
        SFR26            00D00-00D6F              70           1
        SFR27            00D80-00DEF              70           1
        SFR28            00E00-00E6F              70           1
        SFR29            00E80-00EEF              70           1
        SFR3             00180-0019F              20           1
        SFR30            00F00-00F6F              70           1
        SFR31            00F80-00FEF              70           1
        SFR4             00200-0021F              20           1
        SFR5             00280-0029F              20           1
        SFR6             00300-0031F              20           1
        SFR7             00380-003EF              70           1
        SFR8             00400-0046F              70           1
        SFR9             00480-004EF              70           1
        STACK            02025-021EF             1CB           1
        STRCODE          00002-00003               2           2
                         00311-00FFF             CEF
        STRING           00002-00003               2           2
                         00311-00FFF             100

                                  Symbol Table

I2C2_CallbackReturnReset@funPtr        cstackCOMMON 00079
I2C2_MasterOperation@read              cstackBANK0  00043
I2C2_MasterOperation@returnValue       cstackBANK0  00044
I2C2_MasterSendTxData@data             cstackCOMMON 00070
I2C2_SetBuffer@buffer                  cstackCOMMON 00073
I2C2_SetBuffer@bufferSize              cstackCOMMON 00070
I2C2_SetCallback@cb                    cstackCOMMON 00070
I2C2_SetCallback@idx                   cstackCOMMON 00074
I2C2_SetCallback@ptr                   cstackCOMMON 00072
I2C2_SetDataCompleteCallback@cb        cstackCOMMON 00075
I2C2_SetDataCompleteCallback@ptr       cstackCOMMON 00077
_ANSELA                                (abs)        00F38
_ANSELB                                (abs)        00F43
_ANSELC                                (abs)        00F4E
_I2C2_CallbackReturnReset              text36       0030D
_I2C2_CallbackReturnStop               text37       0030F
_I2C2_DO_ADDRESS_NACK                  text13       0012F
_I2C2_DO_IDLE                          text27       002E2
_I2C2_DO_RCEN                          text22       002A2
_I2C2_DO_RESET                         text14       002BA
_I2C2_DO_RX                            text23       00088
_I2C2_DO_RX_ACK                        text17       002C9
_I2C2_DO_RX_NACK_RESTART               text15       002BF
_I2C2_DO_RX_NACK_STOP                  text16       002C4
_I2C2_DO_SEND_ADR_READ                 text26       00289
_I2C2_DO_SEND_ADR_WRITE                text25       0029A
_I2C2_DO_SEND_RESTART                  text19       002D3
_I2C2_DO_SEND_RESTART_READ             text21       002DD
_I2C2_DO_SEND_RESTART_WRITE            text20       002D8
_I2C2_DO_SEND_STOP                     text18       002CE
_I2C2_DO_TX                            text24       00033
_I2C2_DO_TX_EMPTY                      text28       00100
_I2C2_Initialize                       text5        00280
_I2C2_MasterClearIrq                   text12       002FB
_I2C2_MasterEnableRestart              text47       0030A
_I2C2_MasterFsm                        text11       0015B
_I2C2_MasterGetRxData                  text33       00301
_I2C2_MasterIsNack                     text30       002AF
_I2C2_MasterIsr                        text10       002EC
_I2C2_MasterOperation                  text7        001CC
_I2C2_MasterRead                       text6        002B5
_I2C2_MasterSendAck                    text32       002F0
_I2C2_MasterSendNack                   text34       002F4
_I2C2_MasterSendTxData                 text31       002E7
_I2C2_MasterSetIrq                     text29       002FE
_I2C2_MasterStart                      text8        002F8
_I2C2_MasterStartRx                    text35       00304
_I2C2_MasterStop                       text46       00307
_I2C2_SetBuffer                        text45       00244
_I2C2_SetCallback                      text44       00186
_I2C2_SetDataCompleteCallback          text43       00261
_I2C2_Status                           bssBANK0     00020
_INLVLA                                (abs)        00F3C
_INLVLB                                (abs)        00F47
_INLVLC                                (abs)        00F52
_INLVLE                                (abs)        00F68
_INTCONbits                            (abs)        0000B
_INTERRUPT_InterruptManager            intentry     00004
_LATA                                  (abs)        00016
_LATB                                  (abs)        00017
_LATC                                  (abs)        00018
_MSSP2_InterruptHandler                bssBANK0     0003D
_ODCONA                                (abs)        00F3A
_ODCONB                                (abs)        00F45
_ODCONC                                (abs)        00F50
_OSCCON1                               (abs)        0088D
_OSCCON3                               (abs)        0088F
_OSCEN                                 (abs)        00891
_OSCFRQ                                (abs)        00893
_OSCILLATOR_Initialize                 text4        00277
_OSCTUNE                               (abs)        00892
_PIE3bits                              (abs)        00719
_PIN_MANAGER_Initialize                text3        000CE
_PIR3bits                              (abs)        0070F
_PMD0                                  (abs)        00796
_PMD1                                  (abs)        00797
_PMD2                                  (abs)        00798
_PMD3                                  (abs)        00799
_PMD4                                  (abs)        0079A
_PMD5                                  (abs)        0079B
_PMD_Initialize                        text2        00292
_RB1PPS                                (abs)        00F19
_RB2PPS                                (abs)        00F1A
_SLRCONA                               (abs)        00F3B
_SLRCONB                               (abs)        00F46
_SLRCONC                               (abs)        00F51
_SSP2ADD                               (abs)        00197
_SSP2BUF                               (abs)        00196
_SSP2CLKPPS                            (abs)        00EC8
_SSP2CON1                              (abs)        0019A
_SSP2CON1bits                          (abs)        0019A
_SSP2CON2                              (abs)        0019B
_SSP2CON2bits                          (abs)        0019B
_SSP2DATPPS                            (abs)        00EC9
_SSP2STAT                              (abs)        00199
_SSP2STATbits                          (abs)        00199
_SYSTEM_Initialize                     text1        00254
_TRISA                                 (abs)        00011
_TRISB                                 (abs)        00012
_TRISC                                 (abs)        00013
_WPUA                                  (abs)        00F39
_WPUB                                  (abs)        00F44
_WPUC                                  (abs)        00F4F
_WPUE                                  (abs)        00F65
__Habs1                                abs1         00000
__Hbank0                               bank0        00000
__Hbank1                               bank1        00000
__Hbank10                              bank10       00000
__Hbank11                              bank11       00000
__Hbank12                              bank12       00000
__Hbank13                              bank13       00000
__Hbank14                              bank14       00000
__Hbank15                              bank15       00000
__Hbank16                              bank16       00000
__Hbank17                              bank17       00000
__Hbank18                              bank18       00000
__Hbank19                              bank19       00000
__Hbank2                               bank2        00000
__Hbank20                              bank20       00000
__Hbank21                              bank21       00000
__Hbank22                              bank22       00000
__Hbank23                              bank23       00000
__Hbank24                              bank24       00000
__Hbank25                              bank25       00000
__Hbank26                              bank26       00000
__Hbank27                              bank27       00000
__Hbank28                              bank28       00000
__Hbank29                              bank29       00000
__Hbank3                               bank3        00000
__Hbank30                              bank30       00000
__Hbank31                              bank31       00000
__Hbank4                               bank4        00000
__Hbank5                               bank5        00000
__Hbank6                               bank6        00000
__Hbank7                               bank7        00000
__Hbank8                               bank8        00000
__Hbank9                               bank9        00000
__Hbigram                              bigram       00000
__HbssBANK0                            bssBANK0     00000
__Hcinit                               cinit        00033
__Hclrtext                             clrtext      00000
__Hcode                                code         00000
__Hcommon                              common       00000
__Hconfig                              config       0800C
__HcstackBANK0                         cstackBANK0  00000
__HcstackCOMMON                        cstackCOMMON 00000
__Heeprom_data                         eeprom_data  00000
__Hend_init                            end_init     00027
__Hfunctab                             functab      00000
__Hinit                                init         00025
__Hintentry                            intentry     00025
__Hmaintext                            maintext     00000
__Hpowerup                             powerup      00000
__Hram                                 ram          00000
__Hreset_vec                           reset_vec    00002
__Hsfr0                                sfr0         00000
__Hsfr1                                sfr1         00000
__Hsfr10                               sfr10        00000
__Hsfr11                               sfr11        00000
__Hsfr12                               sfr12        00000
__Hsfr13                               sfr13        00000
__Hsfr14                               sfr14        00000
__Hsfr15                               sfr15        00000
__Hsfr16                               sfr16        00000
__Hsfr17                               sfr17        00000
__Hsfr18                               sfr18        00000
__Hsfr19                               sfr19        00000
__Hsfr2                                sfr2         00000
__Hsfr20                               sfr20        00000
__Hsfr21                               sfr21        00000
__Hsfr22                               sfr22        00000
__Hsfr23                               sfr23        00000
__Hsfr24                               sfr24        00000
__Hsfr25                               sfr25        00000
__Hsfr26                               sfr26        00000
__Hsfr27                               sfr27        00000
__Hsfr28                               sfr28        00000
__Hsfr29                               sfr29        00000
__Hsfr3                                sfr3         00000
__Hsfr30                               sfr30        00000
__Hsfr31                               sfr31        00000
__Hsfr4                                sfr4         00000
__Hsfr5                                sfr5         00000
__Hsfr6                                sfr6         00000
__Hsfr7                                sfr7         00000
__Hsfr8                                sfr8         00000
__Hsfr9                                sfr9         00000
__Hspace_0                             (abs)        00311
__Hspace_1                             (abs)        0007D
__Hspace_2                             (abs)        00000
__Hspace_3                             (abs)        00000
__Hspace_4                             (abs)        10013
__Hstack                               stack        00000
__Hstrings                             strings      00000
__Hstringtext1                         stringtext1  00000
__Htext                                text         00000
__Labs1                                abs1         00000
__Lbank0                               bank0        00000
__Lbank1                               bank1        00000
__Lbank10                              bank10       00000
__Lbank11                              bank11       00000
__Lbank12                              bank12       00000
__Lbank13                              bank13       00000
__Lbank14                              bank14       00000
__Lbank15                              bank15       00000
__Lbank16                              bank16       00000
__Lbank17                              bank17       00000
__Lbank18                              bank18       00000
__Lbank19                              bank19       00000
__Lbank2                               bank2        00000
__Lbank20                              bank20       00000
__Lbank21                              bank21       00000
__Lbank22                              bank22       00000
__Lbank23                              bank23       00000
__Lbank24                              bank24       00000
__Lbank25                              bank25       00000
__Lbank26                              bank26       00000
__Lbank27                              bank27       00000
__Lbank28                              bank28       00000
__Lbank29                              bank29       00000
__Lbank3                               bank3        00000
__Lbank30                              bank30       00000
__Lbank31                              bank31       00000
__Lbank4                               bank4        00000
__Lbank5                               bank5        00000
__Lbank6                               bank6        00000
__Lbank7                               bank7        00000
__Lbank8                               bank8        00000
__Lbank9                               bank9        00000
__Lbigram                              bigram       00000
__LbssBANK0                            bssBANK0     00000
__Lcinit                               cinit        00027
__Lclrtext                             clrtext      00000
__Lcode                                code         00000
__Lcommon                              common       00000
__Lconfig                              config       00000
__LcstackBANK0                         cstackBANK0  00000
__LcstackCOMMON                        cstackCOMMON 00000
__Leeprom_data                         eeprom_data  00000
__Lend_init                            end_init     00025
__Lfunctab                             functab      00000
__Linit                                init         00025
__Lintentry                            intentry     00004
__Lmaintext                            maintext     00000
__Lpowerup                             powerup      00000
__Lram                                 ram          00000
__Lreset_vec                           reset_vec    00000
__Lsfr0                                sfr0         00000
__Lsfr1                                sfr1         00000
__Lsfr10                               sfr10        00000
__Lsfr11                               sfr11        00000
__Lsfr12                               sfr12        00000
__Lsfr13                               sfr13        00000
__Lsfr14                               sfr14        00000
__Lsfr15                               sfr15        00000
__Lsfr16                               sfr16        00000
__Lsfr17                               sfr17        00000
__Lsfr18                               sfr18        00000
__Lsfr19                               sfr19        00000
__Lsfr2                                sfr2         00000
__Lsfr20                               sfr20        00000
__Lsfr21                               sfr21        00000
__Lsfr22                               sfr22        00000
__Lsfr23                               sfr23        00000
__Lsfr24                               sfr24        00000
__Lsfr25                               sfr25        00000
__Lsfr26                               sfr26        00000
__Lsfr27                               sfr27        00000
__Lsfr28                               sfr28        00000
__Lsfr29                               sfr29        00000
__Lsfr3                                sfr3         00000
__Lsfr30                               sfr30        00000
__Lsfr31                               sfr31        00000
__Lsfr4                                sfr4         00000
__Lsfr5                                sfr5         00000
__Lsfr6                                sfr6         00000
__Lsfr7                                sfr7         00000
__Lsfr8                                sfr8         00000
__Lsfr9                                sfr9         00000
__Lspace_0                             (abs)        00000
__Lspace_1                             (abs)        00000
__Lspace_2                             (abs)        00000
__Lspace_3                             (abs)        00000
__Lspace_4                             (abs)        00000
__Lstack                               stack        00000
__Lstrings                             strings      00000
__Lstringtext1                         stringtext1  00000
__Ltext                                text         00000
__S0                                   (abs)        00311
__S1                                   (abs)        0007D
__S2                                   (abs)        00000
__S3                                   (abs)        00000
___int_sp                              stack        00000
___latbits                             (abs)        00001
___sp                                  stack        00000
___stackhi                             (abs)        021EF
___stacklo                             (abs)        02025
__end_of_I2C2_CallbackReturnReset      text36       0030F
__end_of_I2C2_CallbackReturnStop       text37       00311
__end_of_I2C2_DO_ADDRESS_NACK          text13       0015B
__end_of_I2C2_DO_IDLE                  text27       002E7
__end_of_I2C2_DO_RCEN                  text22       002A9
__end_of_I2C2_DO_RESET                 text14       002BF
__end_of_I2C2_DO_RX                    text23       000CE
__end_of_I2C2_DO_RX_ACK                text17       002CE
__end_of_I2C2_DO_RX_NACK_RESTART       text15       002C4
__end_of_I2C2_DO_RX_NACK_STOP          text16       002C9
__end_of_I2C2_DO_SEND_ADR_READ         text26       00292
__end_of_I2C2_DO_SEND_ADR_WRITE        text25       002A2
__end_of_I2C2_DO_SEND_RESTART          text19       002D8
__end_of_I2C2_DO_SEND_RESTART_READ     text21       002E2
__end_of_I2C2_DO_SEND_RESTART_WRITE    text20       002DD
__end_of_I2C2_DO_SEND_STOP             text18       002D3
__end_of_I2C2_DO_TX                    text24       00088
__end_of_I2C2_DO_TX_EMPTY              text28       0012F
__end_of_I2C2_Initialize               text5        00289
__end_of_I2C2_MasterClearIrq           text12       002FE
__end_of_I2C2_MasterEnableRestart      text47       0030D
__end_of_I2C2_MasterFsm                text11       00186
__end_of_I2C2_MasterGetRxData          text33       00304
__end_of_I2C2_MasterIsNack             text30       002B5
__end_of_I2C2_MasterIsr                text10       002F0
__end_of_I2C2_MasterOperation          text7        001E8
__end_of_I2C2_MasterRead               text6        002BA
__end_of_I2C2_MasterSendAck            text32       002F4
__end_of_I2C2_MasterSendNack           text34       002F8
__end_of_I2C2_MasterSendTxData         text31       002EC
__end_of_I2C2_MasterSetIrq             text29       00301
__end_of_I2C2_MasterStart              text8        002FB
__end_of_I2C2_MasterStartRx            text35       00307
__end_of_I2C2_MasterStop               text46       0030A
__end_of_I2C2_SetBuffer                text45       00254
__end_of_I2C2_SetCallback              text44       001AC
__end_of_I2C2_SetDataCompleteCallback  text43       0026E
__end_of_INTERRUPT_InterruptManager    intentry     00025
__end_of_OSCILLATOR_Initialize         text4        00280
__end_of_PIN_MANAGER_Initialize        text3        00100
__end_of_PMD_Initialize                text2        0029A
__end_of_SYSTEM_Initialize             text1        00261
__end_of__initialization               cinit        0002F
__end_of_i2c2_fsmStateTable            stringtext1  001CC
__end_of_main                          maintext     00277
__end_of_rd1RegCompleteHandler         text41       00233
__end_of_rd2RegCompleteHandler         text40       00222
__end_of_rdBlkRegCompleteHandler       text38       00200
__end_of_wr1RegCompleteHandler         text39       00211
__end_of_wr2RegCompleteHandler         text42       00244
__initialization                       cinit        00027
__pbssBANK0                            bssBANK0     00020
__pcstackBANK0                         cstackBANK0  0003F
__pcstackCOMMON                        cstackCOMMON 00070
__pintentry                            intentry     00004
__pmaintext                            maintext     0026E
__pstringtext1                         stringtext1  001AC
__ptext1                               text1        00254
__ptext10                              text10       002EC
__ptext11                              text11       0015B
__ptext12                              text12       002FB
__ptext13                              text13       0012F
__ptext14                              text14       002BA
__ptext15                              text15       002BF
__ptext16                              text16       002C4
__ptext17                              text17       002C9
__ptext18                              text18       002CE
__ptext19                              text19       002D3
__ptext2                               text2        00292
__ptext20                              text20       002D8
__ptext21                              text21       002DD
__ptext22                              text22       002A2
__ptext23                              text23       00088
__ptext24                              text24       00033
__ptext25                              text25       0029A
__ptext26                              text26       00289
__ptext27                              text27       002E2
__ptext28                              text28       00100
__ptext29                              text29       002FE
__ptext3                               text3        000CE
__ptext30                              text30       002AF
__ptext31                              text31       002E7
__ptext32                              text32       002F0
__ptext33                              text33       00301
__ptext34                              text34       002F4
__ptext35                              text35       00304
__ptext36                              text36       0030D
__ptext37                              text37       0030F
__ptext38                              text38       001E8
__ptext39                              text39       00200
__ptext4                               text4        00277
__ptext40                              text40       00211
__ptext41                              text41       00222
__ptext42                              text42       00233
__ptext43                              text43       00261
__ptext44                              text44       00186
__ptext45                              text45       00244
__ptext46                              text46       00307
__ptext47                              text47       0030A
__ptext5                               text5        00280
__ptext6                               text6        002B5
__ptext7                               text7        001CC
__ptext8                               text8        002F8
__size_of_I2C2_CallbackReturnReset     (abs)        00000
__size_of_I2C2_CallbackReturnStop      (abs)        00000
__size_of_I2C2_DO_ADDRESS_NACK         (abs)        00000
__size_of_I2C2_DO_IDLE                 (abs)        00000
__size_of_I2C2_DO_RCEN                 (abs)        00000
__size_of_I2C2_DO_RESET                (abs)        00000
__size_of_I2C2_DO_RX                   (abs)        00000
__size_of_I2C2_DO_RX_ACK               (abs)        00000
__size_of_I2C2_DO_RX_NACK_RESTART      (abs)        00000
__size_of_I2C2_DO_RX_NACK_STOP         (abs)        00000
__size_of_I2C2_DO_SEND_ADR_READ        (abs)        00000
__size_of_I2C2_DO_SEND_ADR_WRITE       (abs)        00000
__size_of_I2C2_DO_SEND_RESTART         (abs)        00000
__size_of_I2C2_DO_SEND_RESTART_READ    (abs)        00000
__size_of_I2C2_DO_SEND_RESTART_WRITE   (abs)        00000
__size_of_I2C2_DO_SEND_STOP            (abs)        00000
__size_of_I2C2_DO_TX                   (abs)        00000
__size_of_I2C2_DO_TX_EMPTY             (abs)        00000
__size_of_I2C2_Initialize              (abs)        00000
__size_of_I2C2_MasterClearIrq          (abs)        00000
__size_of_I2C2_MasterEnableRestart     (abs)        00000
__size_of_I2C2_MasterFsm               (abs)        00000
__size_of_I2C2_MasterGetRxData         (abs)        00000
__size_of_I2C2_MasterIsNack            (abs)        00000
__size_of_I2C2_MasterIsr               (abs)        00000
__size_of_I2C2_MasterOperation         (abs)        00000
__size_of_I2C2_MasterRead              (abs)        00000
__size_of_I2C2_MasterSendAck           (abs)        00000
__size_of_I2C2_MasterSendNack          (abs)        00000
__size_of_I2C2_MasterSendTxData        (abs)        00000
__size_of_I2C2_MasterSetIrq            (abs)        00000
__size_of_I2C2_MasterStart             (abs)        00000
__size_of_I2C2_MasterStartRx           (abs)        00000
__size_of_I2C2_MasterStop              (abs)        00000
__size_of_I2C2_SetBuffer               (abs)        00000
__size_of_I2C2_SetCallback             (abs)        00000
__size_of_I2C2_SetDataCompleteCallback (abs)        00000
__size_of_INTERRUPT_InterruptManager   (abs)        00000
__size_of_OSCILLATOR_Initialize        (abs)        00000
__size_of_PIN_MANAGER_Initialize       (abs)        00000
__size_of_PMD_Initialize               (abs)        00000
__size_of_SYSTEM_Initialize            (abs)        00000
__size_of_main                         (abs)        00000
__size_of_rd1RegCompleteHandler        (abs)        00000
__size_of_rd2RegCompleteHandler        (abs)        00000
__size_of_rdBlkRegCompleteHandler      (abs)        00000
__size_of_wr1RegCompleteHandler        (abs)        00000
__size_of_wr2RegCompleteHandler        (abs)        00000
_i2c2_fsmStateTable                    stringtext1  001AC
_main                                  maintext     0026E
_rd1RegCompleteHandler                 text41       00222
_rd2RegCompleteHandler                 text40       00211
_rdBlkRegCompleteHandler               text38       001E8
_wr1RegCompleteHandler                 text39       00200
_wr2RegCompleteHandler                 text42       00233
btemp                                  (abs)        0007E
clear_ram0                             clrtext      002A9
end_of_initialization                  cinit        0002F
int$flags                              (abs)        0007E
intlevel0                              functab      00000
intlevel1                              functab      00000
intlevel2                              functab      00000
intlevel3                              functab      00000
intlevel4                              functab      00000
intlevel5                              functab      00000
rd1RegCompleteHandler@ptr              cstackCOMMON 00079
rd2RegCompleteHandler@ptr              cstackCOMMON 00079
rdBlkRegCompleteHandler@ptr            cstackCOMMON 00079
reset_vec                              reset_vec    00000
start                                  init         00025
start_initialization                   cinit        00027
wr1RegCompleteHandler@ptr              cstackCOMMON 00079
wr2RegCompleteHandler@ptr              cstackCOMMON 00079
wtemp0                                 (abs)        0007E


FUNCTION INFORMATION:

 *************** function _main *****************
 Defined at:
		line 50 in file "main.c"
 Parameters:    Size  Location     Type
		None
 Auto vars:     Size  Location     Type
		None
 Return value:  Size  Location     Type
                  1    wreg      void 
 Registers used:
		wreg, status,2, status,0, pclath, cstack
 Tracked objects:
		On entry : 
		On exit  : 
		Unchanged: 
 Data sizes:     COMMON   BANK0   BANK1   BANK2   BANK3   BANK4   BANK5   BANK6
      Params:         0       0       0       0       0       0       0       0
      Locals:         0       0       0       0       0       0       0       0
      Temps:          0       0       0       0       0       0       0       0
      Totals:         0       0       0       0       0       0       0       0
Total ram usage:        0 bytes
 Hardware stack levels required when called:   10
 This function calls:
		_I2C2_MasterRead
		_SYSTEM_Initialize
 This function is called by:
		Startup code after reset
 This function uses a non-reentrant model


 *************** function _SYSTEM_Initialize *****************
 Defined at:
		line 50 in file "mcc_generated_files/mcc.c"
 Parameters:    Size  Location     Type
		None
 Auto vars:     Size  Location     Type
		None
 Return value:  Size  Location     Type
                  1    wreg      void 
 Registers used:
		wreg, status,2, status,0, pclath, cstack
 Tracked objects:
		On entry : 
		On exit  : 
		Unchanged: 
 Data sizes:     COMMON   BANK0   BANK1   BANK2   BANK3   BANK4   BANK5   BANK6
      Params:         0       0       0       0       0       0       0       0
      Locals:         0       0       0       0       0       0       0       0
      Temps:          0       0       0       0       0       0       0       0
      Totals:         0       0       0       0       0       0       0       0
Total ram usage:        0 bytes
 Hardware stack levels used:    1
 Hardware stack levels required when called:    8
 This function calls:
		_I2C2_Initialize
		_OSCILLATOR_Initialize
		_PIN_MANAGER_Initialize
		_PMD_Initialize
 This function is called by:
		_main
 This function uses a non-reentrant model


 *************** function _PMD_Initialize *****************
 Defined at:
		line 72 in file "mcc_generated_files/mcc.c"
 Parameters:    Size  Location     Type
		None
 Auto vars:     Size  Location     Type
		None
 Return value:  Size  Location     Type
                  1    wreg      void 
 Registers used:
		status,2
 Tracked objects:
		On entry : 
		On exit  : 
		Unchanged: 
 Data sizes:     COMMON   BANK0   BANK1   BANK2   BANK3   BANK4   BANK5   BANK6
      Params:         0       0       0       0       0       0       0       0
      Locals:         0       0       0       0       0       0       0       0
      Temps:          0       0       0       0       0       0       0       0
      Totals:         0       0       0       0       0       0       0       0
Total ram usage:        0 bytes
 Hardware stack levels used:    1
 Hardware stack levels required when called:    7
 This function calls:
		Nothing
 This function is called by:
		_SYSTEM_Initialize
 This function uses a non-reentrant model


 *************** function _PIN_MANAGER_Initialize *****************
 Defined at:
		line 55 in file "mcc_generated_files/pin_manager.c"
 Parameters:    Size  Location     Type
		None
 Auto vars:     Size  Location     Type
		None
 Return value:  Size  Location     Type
                  1    wreg      void 
 Registers used:
		wreg, status,2
 Tracked objects:
		On entry : 
		On exit  : 
		Unchanged: 
 Data sizes:     COMMON   BANK0   BANK1   BANK2   BANK3   BANK4   BANK5   BANK6
      Params:         0       0       0       0       0       0       0       0
      Locals:         0       0       0       0       0       0       0       0
      Temps:          0       0       0       0       0       0       0       0
      Totals:         0       0       0       0       0       0       0       0
Total ram usage:        0 bytes
 Hardware stack levels used:    1
 Hardware stack levels required when called:    7
 This function calls:
		Nothing
 This function is called by:
		_SYSTEM_Initialize
 This function uses a non-reentrant model


 *************** function _OSCILLATOR_Initialize *****************
 Defined at:
		line 58 in file "mcc_generated_files/mcc.c"
 Parameters:    Size  Location     Type
		None
 Auto vars:     Size  Location     Type
		None
 Return value:  Size  Location     Type
                  1    wreg      void 
 Registers used:
		wreg, status,2
 Tracked objects:
		On entry : 
		On exit  : 
		Unchanged: 
 Data sizes:     COMMON   BANK0   BANK1   BANK2   BANK3   BANK4   BANK5   BANK6
      Params:         0       0       0       0       0       0       0       0
      Locals:         0       0       0       0       0       0       0       0
      Temps:          0       0       0       0       0       0       0       0
      Totals:         0       0       0       0       0       0       0       0
Total ram usage:        0 bytes
 Hardware stack levels used:    1
 Hardware stack levels required when called:    7
 This function calls:
		Nothing
 This function is called by:
		_SYSTEM_Initialize
 This function uses a non-reentrant model


 *************** function _I2C2_Initialize *****************
 Defined at:
		line 167 in file "mcc_generated_files/i2c2_master.c"
 Parameters:    Size  Location     Type
		None
 Auto vars:     Size  Location     Type
		None
 Return value:  Size  Location     Type
                  1    wreg      void 
 Registers used:
		wreg, status,2
 Tracked objects:
		On entry : 
		On exit  : 
		Unchanged: 
 Data sizes:     COMMON   BANK0   BANK1   BANK2   BANK3   BANK4   BANK5   BANK6
      Params:         0       0       0       0       0       0       0       0
      Locals:         0       0       0       0       0       0       0       0
      Temps:          0       0       0       0       0       0       0       0
      Totals:         0       0       0       0       0       0       0       0
Total ram usage:        0 bytes
 Hardware stack levels used:    1
 Hardware stack levels required when called:    7
 This function calls:
		Nothing
 This function is called by:
		_SYSTEM_Initialize
 This function uses a non-reentrant model


 *************** function _I2C2_MasterRead *****************
 Defined at:
		line 247 in file "mcc_generated_files/i2c2_master.c"
 Parameters:    Size  Location     Type
		None
 Auto vars:     Size  Location     Type
		None
 Return value:  Size  Location     Type
                  1    wreg      enum E11985
 Registers used:
		wreg, status,2, status,0, pclath, cstack
 Tracked objects:
		On entry : 
		On exit  : 
		Unchanged: 
 Data sizes:     COMMON   BANK0   BANK1   BANK2   BANK3   BANK4   BANK5   BANK6
      Params:         0       0       0       0       0       0       0       0
      Locals:         0       0       0       0       0       0       0       0
      Temps:          0       0       0       0       0       0       0       0
      Totals:         0       0       0       0       0       0       0       0
Total ram usage:        0 bytes
 Hardware stack levels used:    1
 Hardware stack levels required when called:    9
 This function calls:
		_I2C2_MasterOperation
 This function is called by:
		_main
		_I2C2_ReadNBytes
 This function uses a non-reentrant model


 *************** function _I2C2_MasterOperation *****************
 Defined at:
		line 226 in file "mcc_generated_files/i2c2_master.c"
 Parameters:    Size  Location     Type
  read            1    wreg     _Bool 
 Auto vars:     Size  Location     Type
  read            1    4[BANK0 ] _Bool 
  returnValue     1    5[BANK0 ] enum E353
 Return value:  Size  Location     Type
                  1    wreg      enum E353
 Registers used:
		wreg, status,2, status,0, pclath, cstack
 Tracked objects:
		On entry : 
		On exit  : 
		Unchanged: 
 Data sizes:     COMMON   BANK0   BANK1   BANK2   BANK3   BANK4   BANK5   BANK6
      Params:         0       0       0       0       0       0       0       0
      Locals:         0       2       0       0       0       0       0       0
      Temps:          0       1       0       0       0       0       0       0
      Totals:         0       3       0       0       0       0       0       0
Total ram usage:        3 bytes
 Hardware stack levels used:    1
 Hardware stack levels required when called:    8
 This function calls:
		_I2C2_MasterStart
 This function is called by:
		_I2C2_MasterRead
		_I2C2_MasterWrite
 This function uses a non-reentrant model


 *************** function _I2C2_MasterStart *****************
 Defined at:
		line 589 in file "mcc_generated_files/i2c2_master.c"
 Parameters:    Size  Location     Type
		None
 Auto vars:     Size  Location     Type
		None
 Return value:  Size  Location     Type
                  1    wreg      void 
 Registers used:
		None
 Tracked objects:
		On entry : 
		On exit  : 
		Unchanged: 
 Data sizes:     COMMON   BANK0   BANK1   BANK2   BANK3   BANK4   BANK5   BANK6
      Params:         0       0       0       0       0       0       0       0
      Locals:         0       0       0       0       0       0       0       0
      Temps:          0       0       0       0       0       0       0       0
      Totals:         0       0       0       0       0       0       0       0
Total ram usage:        0 bytes
 Hardware stack levels used:    1
 Hardware stack levels required when called:    7
 This function calls:
		Nothing
 This function is called by:
		_I2C2_MasterOperation
 This function uses a non-reentrant model


 *************** function _INTERRUPT_InterruptManager *****************
 Defined at:
		line 52 in file "mcc_generated_files/interrupt_manager.c"
 Parameters:    Size  Location     Type
		None
 Auto vars:     Size  Location     Type
		None
 Return value:  Size  Location     Type
                  1    wreg      void 
 Registers used:
		wreg, fsr0l, fsr0h, fsr1l, fsr1h, status,2, status,0, pclath, cstack
 Tracked objects:
		On entry : 
		On exit  : 
		Unchanged: 
 Data sizes:     COMMON   BANK0   BANK1   BANK2   BANK3   BANK4   BANK5   BANK6
      Params:         0       0       0       0       0       0       0       0
      Locals:         0       0       0       0       0       0       0       0
      Temps:          0       0       0       0       0       0       0       0
      Totals:         0       0       0       0       0       0       0       0
Total ram usage:        0 bytes
 Hardware stack levels used:    1
 Hardware stack levels required when called:    6
 This function calls:
		Absolute function
		_I2C2_MasterIsr
 This function is called by:
		Interrupt level 1
 This function uses a non-reentrant model


 *************** function _I2C2_MasterIsr *****************
 Defined at:
		line 318 in file "mcc_generated_files/i2c2_master.c"
 Parameters:    Size  Location     Type
		None
 Auto vars:     Size  Location     Type
		None
 Return value:  Size  Location     Type
                  1    wreg      void 
 Registers used:
		wreg, fsr0l, fsr0h, fsr1l, fsr1h, status,2, status,0, pclath, cstack
 Tracked objects:
		On entry : 
		On exit  : 
		Unchanged: 
 Data sizes:     COMMON   BANK0   BANK1   BANK2   BANK3   BANK4   BANK5   BANK6
      Params:         0       0       0       0       0       0       0       0
      Locals:         0       0       0       0       0       0       0       0
      Temps:          0       0       0       0       0       0       0       0
      Totals:         0       0       0       0       0       0       0       0
Total ram usage:        0 bytes
 Hardware stack levels used:    1
 Hardware stack levels required when called:    5
 This function calls:
		_I2C2_MasterFsm
 This function is called by:
		_I2C2_Open
		_INTERRUPT_InterruptManager
 This function uses a non-reentrant model


 *************** function _I2C2_MasterFsm *****************
 Defined at:
		line 323 in file "mcc_generated_files/i2c2_master.c"
 Parameters:    Size  Location     Type
		None
 Auto vars:     Size  Location     Type
		None
 Return value:  Size  Location     Type
                  1    wreg      void 
 Registers used:
		wreg, fsr0l, fsr0h, fsr1l, fsr1h, status,2, status,0, pclath, cstack
 Tracked objects:
		On entry : 
		On exit  : 
		Unchanged: 
 Data sizes:     COMMON   BANK0   BANK1   BANK2   BANK3   BANK4   BANK5   BANK6
      Params:         0       0       0       0       0       0       0       0
      Locals:         0       0       0       0       0       0       0       0
      Temps:          0       3       0       0       0       0       0       0
      Totals:         0       3       0       0       0       0       0       0
Total ram usage:        3 bytes
 Hardware stack levels used:    1
 Hardware stack levels required when called:    4
 This function calls:
		_I2C2_DO_ADDRESS_NACK
		_I2C2_DO_IDLE
		_I2C2_DO_RCEN
		_I2C2_DO_RESET
		_I2C2_DO_RX
		_I2C2_DO_RX_ACK
		_I2C2_DO_RX_NACK_RESTART
		_I2C2_DO_RX_NACK_STOP
		_I2C2_DO_SEND_ADR_READ
		_I2C2_DO_SEND_ADR_WRITE
		_I2C2_DO_SEND_RESTART
		_I2C2_DO_SEND_RESTART_READ
		_I2C2_DO_SEND_RESTART_WRITE
		_I2C2_DO_SEND_STOP
		_I2C2_DO_TX
		_I2C2_DO_TX_EMPTY
		_I2C2_MasterClearIrq
		_I2C2_MasterIsNack
 This function is called by:
		_I2C2_MasterIsr
 This function uses a non-reentrant model


 *************** function _I2C2_MasterClearIrq *****************
 Defined at:
		line 642 in file "mcc_generated_files/i2c2_master.c"
 Parameters:    Size  Location     Type
		None
 Auto vars:     Size  Location     Type
		None
 Return value:  Size  Location     Type
                  1    wreg      void 
 Registers used:
		None
 Tracked objects:
		On entry : 
		On exit  : 
		Unchanged: 
 Data sizes:     COMMON   BANK0   BANK1   BANK2   BANK3   BANK4   BANK5   BANK6
      Params:         0       0       0       0       0       0       0       0
      Locals:         0       0       0       0       0       0       0       0
      Temps:          0       0       0       0       0       0       0       0
      Totals:         0       0       0       0       0       0       0       0
Total ram usage:        0 bytes
 Hardware stack levels used:    1
 This function calls:
		Nothing
 This function is called by:
		_I2C2_MasterFsm
		_I2C2_Open
		_I2C2_Close
 This function uses a non-reentrant model


 *************** function _I2C2_DO_ADDRESS_NACK *****************
 Defined at:
		line 501 in file "mcc_generated_files/i2c2_master.c"
 Parameters:    Size  Location     Type
		None
 Auto vars:     Size  Location     Type
		None
 Return value:  Size  Location     Type
                  1    wreg      enum E12048
 Registers used:
		wreg, fsr0l, fsr0h, fsr1l, fsr1h, status,2, status,0, pclath, cstack
 Tracked objects:
		On entry : 
		On exit  : 
		Unchanged: 
 Data sizes:     COMMON   BANK0   BANK1   BANK2   BANK3   BANK4   BANK5   BANK6
      Params:         0       0       0       0       0       0       0       0
      Locals:         0       0       0       0       0       0       0       0
      Temps:          3       0       0       0       0       0       0       0
      Totals:         3       0       0       0       0       0       0       0
Total ram usage:        3 bytes
 Hardware stack levels used:    1
 Hardware stack levels required when called:    3
 This function calls:
		Absolute function
		_I2C2_CallbackReturnReset
		_I2C2_CallbackReturnStop
		_I2C2_DO_SEND_RESTART
		_I2C2_DO_SEND_STOP
		_rd1RegCompleteHandler
		_rd2RegCompleteHandler
		_rdBlkRegCompleteHandler
		_wr1RegCompleteHandler
		_wr2RegCompleteHandler
 This function is called by:
		_I2C2_MasterFsm
 This function uses a non-reentrant model


 *************** function _I2C2_DO_RESET *****************
 Defined at:
		line 495 in file "mcc_generated_files/i2c2_master.c"
 Parameters:    Size  Location     Type
		None
 Auto vars:     Size  Location     Type
		None
 Return value:  Size  Location     Type
                  1    wreg      enum E12048
 Registers used:
		wreg, status,2
 Tracked objects:
		On entry : 
		On exit  : 
		Unchanged: 
 Data sizes:     COMMON   BANK0   BANK1   BANK2   BANK3   BANK4   BANK5   BANK6
      Params:         0       0       0       0       0       0       0       0
      Locals:         0       0       0       0       0       0       0       0
      Temps:          0       0       0       0       0       0       0       0
      Totals:         0       0       0       0       0       0       0       0
Total ram usage:        0 bytes
 Hardware stack levels used:    1
 This function calls:
		Nothing
 This function is called by:
		_I2C2_MasterFsm
 This function uses a non-reentrant model


 *************** function _I2C2_DO_RX_NACK_RESTART *****************
 Defined at:
		line 489 in file "mcc_generated_files/i2c2_master.c"
 Parameters:    Size  Location     Type
		None
 Auto vars:     Size  Location     Type
		None
 Return value:  Size  Location     Type
                  1    wreg      enum E12048
 Registers used:
		wreg, status,2, status,0, pclath, cstack
 Tracked objects:
		On entry : 
		On exit  : 
		Unchanged: 
 Data sizes:     COMMON   BANK0   BANK1   BANK2   BANK3   BANK4   BANK5   BANK6
      Params:         0       0       0       0       0       0       0       0
      Locals:         0       0       0       0       0       0       0       0
      Temps:          0       0       0       0       0       0       0       0
      Totals:         0       0       0       0       0       0       0       0
Total ram usage:        0 bytes
 Hardware stack levels used:    1
 Hardware stack levels required when called:    1
 This function calls:
		_I2C2_MasterSendNack
 This function is called by:
		_I2C2_DO_RX
		_I2C2_MasterFsm
 This function uses a non-reentrant model


 *************** function _I2C2_DO_RX_NACK_STOP *****************
 Defined at:
		line 483 in file "mcc_generated_files/i2c2_master.c"
 Parameters:    Size  Location     Type
		None
 Auto vars:     Size  Location     Type
		None
 Return value:  Size  Location     Type
                  1    wreg      enum E12048
 Registers used:
		wreg, status,2, status,0, pclath, cstack
 Tracked objects:
		On entry : 
		On exit  : 
		Unchanged: 
 Data sizes:     COMMON   BANK0   BANK1   BANK2   BANK3   BANK4   BANK5   BANK6
      Params:         0       0       0       0       0       0       0       0
      Locals:         0       0       0       0       0       0       0       0
      Temps:          0       0       0       0       0       0       0       0
      Totals:         0       0       0       0       0       0       0       0
Total ram usage:        0 bytes
 Hardware stack levels used:    1
 Hardware stack levels required when called:    1
 This function calls:
		_I2C2_MasterSendNack
 This function is called by:
		_I2C2_DO_RX
		_I2C2_MasterFsm
 This function uses a non-reentrant model


 *************** function _I2C2_DO_RX_ACK *****************
 Defined at:
		line 476 in file "mcc_generated_files/i2c2_master.c"
 Parameters:    Size  Location     Type
		None
 Auto vars:     Size  Location     Type
		None
 Return value:  Size  Location     Type
                  1    wreg      enum E12048
 Registers used:
		wreg, status,2, status,0, pclath, cstack
 Tracked objects:
		On entry : 
		On exit  : 
		Unchanged: 
 Data sizes:     COMMON   BANK0   BANK1   BANK2   BANK3   BANK4   BANK5   BANK6
      Params:         0       0       0       0       0       0       0       0
      Locals:         0       0       0       0       0       0       0       0
      Temps:          0       0       0       0       0       0       0       0
      Totals:         0       0       0       0       0       0       0       0
Total ram usage:        0 bytes
 Hardware stack levels used:    1
 Hardware stack levels required when called:    1
 This function calls:
		_I2C2_MasterSendAck
 This function is called by:
		_I2C2_MasterFsm
 This function uses a non-reentrant model


 *************** function _I2C2_DO_SEND_STOP *****************
 Defined at:
		line 470 in file "mcc_generated_files/i2c2_master.c"
 Parameters:    Size  Location     Type
		None
 Auto vars:     Size  Location     Type
		None
 Return value:  Size  Location     Type
                  1    wreg      enum E12048
 Registers used:
		wreg, status,2, status,0, pclath, cstack
 Tracked objects:
		On entry : 
		On exit  : 
		Unchanged: 
 Data sizes:     COMMON   BANK0   BANK1   BANK2   BANK3   BANK4   BANK5   BANK6
      Params:         0       0       0       0       0       0       0       0
      Locals:         0       0       0       0       0       0       0       0
      Temps:          0       0       0       0       0       0       0       0
      Totals:         0       0       0       0       0       0       0       0
Total ram usage:        0 bytes
 Hardware stack levels used:    1
 Hardware stack levels required when called:    1
 This function calls:
		_I2C2_MasterStop
 This function is called by:
		_I2C2_DO_TX
		_I2C2_DO_TX_EMPTY
		_I2C2_DO_ADDRESS_NACK
		_I2C2_MasterFsm
 This function uses a non-reentrant model


 *************** function _I2C2_DO_SEND_RESTART *****************
 Defined at:
		line 464 in file "mcc_generated_files/i2c2_master.c"
 Parameters:    Size  Location     Type
		None
 Auto vars:     Size  Location     Type
		None
 Return value:  Size  Location     Type
                  1    wreg      enum E12048
 Registers used:
		wreg, status,2, status,0, pclath, cstack
 Tracked objects:
		On entry : 
		On exit  : 
		Unchanged: 
 Data sizes:     COMMON   BANK0   BANK1   BANK2   BANK3   BANK4   BANK5   BANK6
      Params:         0       0       0       0       0       0       0       0
      Locals:         0       0       0       0       0       0       0       0
      Temps:          0       0       0       0       0       0       0       0
      Totals:         0       0       0       0       0       0       0       0
Total ram usage:        0 bytes
 Hardware stack levels used:    1
 Hardware stack levels required when called:    1
 This function calls:
		_I2C2_MasterEnableRestart
 This function is called by:
		_I2C2_DO_TX_EMPTY
		_I2C2_DO_ADDRESS_NACK
		_I2C2_MasterFsm
 This function uses a non-reentrant model


 *************** function _I2C2_DO_SEND_RESTART_WRITE *****************
 Defined at:
		line 457 in file "mcc_generated_files/i2c2_master.c"
 Parameters:    Size  Location     Type
		None
 Auto vars:     Size  Location     Type
		None
 Return value:  Size  Location     Type
                  1    wreg      enum E12048
 Registers used:
		wreg, status,2, status,0, pclath, cstack
 Tracked objects:
		On entry : 
		On exit  : 
		Unchanged: 
 Data sizes:     COMMON   BANK0   BANK1   BANK2   BANK3   BANK4   BANK5   BANK6
      Params:         0       0       0       0       0       0       0       0
      Locals:         0       0       0       0       0       0       0       0
      Temps:          0       0       0       0       0       0       0       0
      Totals:         0       0       0       0       0       0       0       0
Total ram usage:        0 bytes
 Hardware stack levels used:    1
 Hardware stack levels required when called:    1
 This function calls:
		_I2C2_MasterEnableRestart
 This function is called by:
		_I2C2_DO_TX
		_I2C2_MasterFsm
 This function uses a non-reentrant model


 *************** function _I2C2_DO_SEND_RESTART_READ *****************
 Defined at:
		line 451 in file "mcc_generated_files/i2c2_master.c"
 Parameters:    Size  Location     Type
		None
 Auto vars:     Size  Location     Type
		None
 Return value:  Size  Location     Type
                  1    wreg      enum E12048
 Registers used:
		wreg, status,2, status,0, pclath, cstack
 Tracked objects:
		On entry : 
		On exit  : 
		Unchanged: 
 Data sizes:     COMMON   BANK0   BANK1   BANK2   BANK3   BANK4   BANK5   BANK6
      Params:         0       0       0       0       0       0       0       0
      Locals:         0       0       0       0       0       0       0       0
      Temps:          0       0       0       0       0       0       0       0
      Totals:         0       0       0       0       0       0       0       0
Total ram usage:        0 bytes
 Hardware stack levels used:    1
 Hardware stack levels required when called:    1
 This function calls:
		_I2C2_MasterEnableRestart
 This function is called by:
		_I2C2_DO_TX
		_I2C2_MasterFsm
 This function uses a non-reentrant model


 *************** function _I2C2_DO_RCEN *****************
 Defined at:
		line 404 in file "mcc_generated_files/i2c2_master.c"
 Parameters:    Size  Location     Type
		None
 Auto vars:     Size  Location     Type
		None
 Return value:  Size  Location     Type
                  1    wreg      enum E12048
 Registers used:
		wreg, status,2, status,0, pclath, cstack
 Tracked objects:
		On entry : 
		On exit  : 
		Unchanged: 
 Data sizes:     COMMON   BANK0   BANK1   BANK2   BANK3   BANK4   BANK5   BANK6
      Params:         0       0       0       0       0       0       0       0
      Locals:         0       0       0       0       0       0       0       0
      Temps:          0       0       0       0       0       0       0       0
      Totals:         0       0       0       0       0       0       0       0
Total ram usage:        0 bytes
 Hardware stack levels used:    1
 Hardware stack levels required when called:    1
 This function calls:
		_I2C2_MasterStartRx
 This function is called by:
		_I2C2_MasterFsm
 This function uses a non-reentrant model


 *************** function _I2C2_DO_RX *****************
 Defined at:
		line 380 in file "mcc_generated_files/i2c2_master.c"
 Parameters:    Size  Location     Type
		None
 Auto vars:     Size  Location     Type
		None
 Return value:  Size  Location     Type
                  1    wreg      enum E12048
 Registers used:
		wreg, fsr0l, fsr0h, fsr1l, fsr1h, status,2, status,0, pclath, cstack
 Tracked objects:
		On entry : 
		On exit  : 
		Unchanged: 
 Data sizes:     COMMON   BANK0   BANK1   BANK2   BANK3   BANK4   BANK5   BANK6
      Params:         0       0       0       0       0       0       0       0
      Locals:         0       0       0       0       0       0       0       0
      Temps:          3       0       0       0       0       0       0       0
      Totals:         3       0       0       0       0       0       0       0
Total ram usage:        3 bytes
 Hardware stack levels used:    1
 Hardware stack levels required when called:    3
 This function calls:
		Absolute function
		_I2C2_CallbackReturnReset
		_I2C2_CallbackReturnStop
		_I2C2_DO_RX_NACK_RESTART
		_I2C2_DO_RX_NACK_STOP
		_I2C2_MasterGetRxData
		_I2C2_MasterSendAck
		_rd1RegCompleteHandler
		_rd2RegCompleteHandler
		_rdBlkRegCompleteHandler
		_wr1RegCompleteHandler
		_wr2RegCompleteHandler
 This function is called by:
		_I2C2_MasterFsm
 This function uses a non-reentrant model


 *************** function _I2C2_DO_TX *****************
 Defined at:
		line 356 in file "mcc_generated_files/i2c2_master.c"
 Parameters:    Size  Location     Type
		None
 Auto vars:     Size  Location     Type
		None
 Return value:  Size  Location     Type
                  1    wreg      enum E12048
 Registers used:
		wreg, fsr0l, fsr0h, fsr1l, fsr1h, status,2, status,0, pclath, cstack
 Tracked objects:
		On entry : 
		On exit  : 
		Unchanged: 
 Data sizes:     COMMON   BANK0   BANK1   BANK2   BANK3   BANK4   BANK5   BANK6
      Params:         0       0       0       0       0       0       0       0
      Locals:         0       0       0       0       0       0       0       0
      Temps:          3       0       0       0       0       0       0       0
      Totals:         3       0       0       0       0       0       0       0
Total ram usage:        3 bytes
 Hardware stack levels used:    1
 Hardware stack levels required when called:    3
 This function calls:
		Absolute function
		_I2C2_CallbackReturnReset
		_I2C2_CallbackReturnStop
		_I2C2_DO_SEND_RESTART_READ
		_I2C2_DO_SEND_RESTART_WRITE
		_I2C2_DO_SEND_STOP
		_I2C2_MasterIsNack
		_I2C2_MasterSendTxData
		_rd1RegCompleteHandler
		_rd2RegCompleteHandler
		_rdBlkRegCompleteHandler
		_wr1RegCompleteHandler
		_wr2RegCompleteHandler
 This function is called by:
		_I2C2_MasterFsm
 This function uses a non-reentrant model


 *************** function _I2C2_DO_SEND_ADR_WRITE *****************
 Defined at:
		line 349 in file "mcc_generated_files/i2c2_master.c"
 Parameters:    Size  Location     Type
		None
 Auto vars:     Size  Location     Type
		None
 Return value:  Size  Location     Type
                  1    wreg      enum E12048
 Registers used:
		wreg, status,2, status,0, pclath, cstack
 Tracked objects:
		On entry : 
		On exit  : 
		Unchanged: 
 Data sizes:     COMMON   BANK0   BANK1   BANK2   BANK3   BANK4   BANK5   BANK6
      Params:         0       0       0       0       0       0       0       0
      Locals:         0       0       0       0       0       0       0       0
      Temps:          0       0       0       0       0       0       0       0
      Totals:         0       0       0       0       0       0       0       0
Total ram usage:        0 bytes
 Hardware stack levels used:    1
 Hardware stack levels required when called:    1
 This function calls:
		_I2C2_MasterSendTxData
 This function is called by:
		_I2C2_MasterFsm
 This function uses a non-reentrant model


 *************** function _I2C2_DO_SEND_ADR_READ *****************
 Defined at:
		line 342 in file "mcc_generated_files/i2c2_master.c"
 Parameters:    Size  Location     Type
		None
 Auto vars:     Size  Location     Type
		None
 Return value:  Size  Location     Type
                  1    wreg      enum E12048
 Registers used:
		wreg, status,2, status,0, pclath, cstack
 Tracked objects:
		On entry : 
		On exit  : 
		Unchanged: 
 Data sizes:     COMMON   BANK0   BANK1   BANK2   BANK3   BANK4   BANK5   BANK6
      Params:         0       0       0       0       0       0       0       0
      Locals:         0       0       0       0       0       0       0       0
      Temps:          0       0       0       0       0       0       0       0
      Totals:         0       0       0       0       0       0       0       0
Total ram usage:        0 bytes
 Hardware stack levels used:    1
 Hardware stack levels required when called:    1
 This function calls:
		_I2C2_MasterSendTxData
 This function is called by:
		_I2C2_MasterFsm
 This function uses a non-reentrant model


 *************** function _I2C2_DO_IDLE *****************
 Defined at:
		line 335 in file "mcc_generated_files/i2c2_master.c"
 Parameters:    Size  Location     Type
		None
 Auto vars:     Size  Location     Type
		None
 Return value:  Size  Location     Type
                  1    wreg      enum E12048
 Registers used:
		wreg, status,2
 Tracked objects:
		On entry : 
		On exit  : 
		Unchanged: 
 Data sizes:     COMMON   BANK0   BANK1   BANK2   BANK3   BANK4   BANK5   BANK6
      Params:         0       0       0       0       0       0       0       0
      Locals:         0       0       0       0       0       0       0       0
      Temps:          0       0       0       0       0       0       0       0
      Totals:         0       0       0       0       0       0       0       0
Total ram usage:        0 bytes
 Hardware stack levels used:    1
 This function calls:
		Nothing
 This function is called by:
		_I2C2_MasterFsm
 This function uses a non-reentrant model


 *************** function _I2C2_DO_TX_EMPTY *****************
 Defined at:
		line 411 in file "mcc_generated_files/i2c2_master.c"
 Parameters:    Size  Location     Type
		None
 Auto vars:     Size  Location     Type
		None
 Return value:  Size  Location     Type
                  1    wreg      enum E12048
 Registers used:
		wreg, fsr0l, fsr0h, fsr1l, fsr1h, status,2, status,0, pclath, cstack
 Tracked objects:
		On entry : 
		On exit  : 
		Unchanged: 
 Data sizes:     COMMON   BANK0   BANK1   BANK2   BANK3   BANK4   BANK5   BANK6
      Params:         0       0       0       0       0       0       0       0
      Locals:         0       0       0       0       0       0       0       0
      Temps:          3       0       0       0       0       0       0       0
      Totals:         3       0       0       0       0       0       0       0
Total ram usage:        3 bytes
 Hardware stack levels used:    1
 Hardware stack levels required when called:    3
 This function calls:
		Absolute function
		_I2C2_CallbackReturnReset
		_I2C2_CallbackReturnStop
		_I2C2_DO_SEND_RESTART
		_I2C2_DO_SEND_STOP
		_I2C2_MasterSetIrq
		_rd1RegCompleteHandler
		_rd2RegCompleteHandler
		_rdBlkRegCompleteHandler
		_wr1RegCompleteHandler
[...]
      Totals:         1       0       0       0       0       0       0       0
Total ram usage:        1 bytes
 Hardware stack levels used:    1
 This function calls:
		Nothing
 This function is called by:
		_I2C2_Open
		_I2C2_DO_TX
		_I2C2_DO_RX
		_I2C2_DO_TX_EMPTY
		_I2C2_DO_ADDRESS_NACK
		_I2C2_DO_RX_EMPTY
 This function uses a non-reentrant model


 *************** function _I2C2_CallbackReturnStop *****************
 Defined at:
		line 521 in file "mcc_generated_files/i2c2_master.c"
 Parameters:    Size  Location     Type
  funPtr          1    9[COMMON] PTR void 
		 -> I2C2_ReadDataBlock@bufferBlock(3), I2C2_Write2ByteRegister@data(2), I2C2_Write1ByteRegister@data(1), I2C2_Read2ByteRegister@returnValue(2), 
		 -> NULL(0), I2C2_Read1ByteRegister@returnValue(1), 
 Auto vars:     Size  Location     Type
		None
 Return value:  Size  Location     Type
                  1    wreg      enum E358
 Registers used:
		wreg
 Tracked objects:
		On entry : 
		On exit  : 
		Unchanged: 
 Data sizes:     COMMON   BANK0   BANK1   BANK2   BANK3   BANK4   BANK5   BANK6
      Params:         1       0       0       0       0       0       0       0
      Locals:         0       0       0       0       0       0       0       0
      Temps:          0       0       0       0       0       0       0       0
      Totals:         1       0       0       0       0       0       0       0
Total ram usage:        1 bytes
 Hardware stack levels used:    1
 This function calls:
		Nothing
 This function is called by:
		_I2C2_SetCallback
		_I2C2_Open
		_I2C2_DO_TX
		_I2C2_DO_RX
		_I2C2_DO_TX_EMPTY
		_I2C2_DO_ADDRESS_NACK
		_I2C2_DO_RX_EMPTY
 This function uses a non-reentrant model


 *************** function _rdBlkRegCompleteHandler *****************
 Defined at:
		line 170 in file "mcc_generated_files/examples/i2c2_master_example.c"
 Parameters:    Size  Location     Type
  ptr             1    9[COMMON] PTR void 
		 -> I2C2_ReadDataBlock@bufferBlock(3), I2C2_Write2ByteRegister@data(2), I2C2_Write1ByteRegister@data(1), I2C2_Read2ByteRegister@returnValue(2), 
		 -> NULL(0), I2C2_Read1ByteRegister@returnValue(1), 
 Auto vars:     Size  Location     Type
		None
 Return value:  Size  Location     Type
                  1    wreg      enum E358
 Registers used:
		wreg, fsr1l, fsr1h, status,2, status,0, pclath, cstack
 Tracked objects:
		On entry : 
		On exit  : 
		Unchanged: 
 Data sizes:     COMMON   BANK0   BANK1   BANK2   BANK3   BANK4   BANK5   BANK6
      Params:         1       0       0       0       0       0       0       0
      Locals:         0       0       0       0       0       0       0       0
      Temps:          0       0       0       0       0       0       0       0
      Totals:         1       0       0       0       0       0       0       0
Total ram usage:        1 bytes
 Hardware stack levels used:    1
 Hardware stack levels required when called:    2
 This function calls:
		_I2C2_SetBuffer
		_I2C2_SetDataCompleteCallback
 This function is called by:
		_I2C2_ReadDataBlock
		_I2C2_DO_TX
		_I2C2_DO_RX
		_I2C2_DO_TX_EMPTY
		_I2C2_DO_ADDRESS_NACK
		_I2C2_DO_RX_EMPTY
 This function uses a non-reentrant model


 *************** function _wr1RegCompleteHandler *****************
 Defined at:
		line 156 in file "mcc_generated_files/examples/i2c2_master_example.c"
 Parameters:    Size  Location     Type
  ptr             1    9[COMMON] PTR void 
		 -> I2C2_ReadDataBlock@bufferBlock(3), I2C2_Write2ByteRegister@data(2), I2C2_Write1ByteRegister@data(1), I2C2_Read2ByteRegister@returnValue(2), 
		 -> NULL(0), I2C2_Read1ByteRegister@returnValue(1), 
 Auto vars:     Size  Location     Type
		None
 Return value:  Size  Location     Type
                  1    wreg      enum E358
 Registers used:
		wreg, fsr1l, fsr1h, status,2, status,0, pclath, cstack
 Tracked objects:
		On entry : 
		On exit  : 
		Unchanged: 
 Data sizes:     COMMON   BANK0   BANK1   BANK2   BANK3   BANK4   BANK5   BANK6
      Params:         1       0       0       0       0       0       0       0
      Locals:         0       0       0       0       0       0       0       0
      Temps:          0       0       0       0       0       0       0       0
      Totals:         1       0       0       0       0       0       0       0
Total ram usage:        1 bytes
 Hardware stack levels used:    1
 Hardware stack levels required when called:    2
 This function calls:
		_I2C2_SetBuffer
		_I2C2_SetDataCompleteCallback
 This function is called by:
		_I2C2_Write1ByteRegister
		_I2C2_DO_TX
		_I2C2_DO_RX
		_I2C2_DO_TX_EMPTY
		_I2C2_DO_ADDRESS_NACK
		_I2C2_DO_RX_EMPTY
 This function uses a non-reentrant model


 *************** function _rd2RegCompleteHandler *****************
 Defined at:
		line 149 in file "mcc_generated_files/examples/i2c2_master_example.c"
 Parameters:    Size  Location     Type
  ptr             1    9[COMMON] PTR void 
		 -> I2C2_ReadDataBlock@bufferBlock(3), I2C2_Write2ByteRegister@data(2), I2C2_Write1ByteRegister@data(1), I2C2_Read2ByteRegister@returnValue(2), 
		 -> NULL(0), I2C2_Read1ByteRegister@returnValue(1), 
 Auto vars:     Size  Location     Type
		None
 Return value:  Size  Location     Type
                  1    wreg      enum E358
 Registers used:
		wreg, fsr1l, fsr1h, status,2, status,0, pclath, cstack
 Tracked objects:
		On entry : 
		On exit  : 
		Unchanged: 
 Data sizes:     COMMON   BANK0   BANK1   BANK2   BANK3   BANK4   BANK5   BANK6
      Params:         1       0       0       0       0       0       0       0
      Locals:         0       0       0       0       0       0       0       0
      Temps:          0       0       0       0       0       0       0       0
      Totals:         1       0       0       0       0       0       0       0
Total ram usage:        1 bytes
 Hardware stack levels used:    1
 Hardware stack levels required when called:    2
 This function calls:
		_I2C2_SetBuffer
		_I2C2_SetDataCompleteCallback
 This function is called by:
		_I2C2_Read2ByteRegister
		_I2C2_DO_TX
		_I2C2_DO_RX
		_I2C2_DO_TX_EMPTY
		_I2C2_DO_ADDRESS_NACK
		_I2C2_DO_RX_EMPTY
 This function uses a non-reentrant model


 *************** function _rd1RegCompleteHandler *****************
 Defined at:
		line 142 in file "mcc_generated_files/examples/i2c2_master_example.c"
 Parameters:    Size  Location     Type
  ptr             1    9[COMMON] PTR void 
		 -> I2C2_ReadDataBlock@bufferBlock(3), I2C2_Write2ByteRegister@data(2), I2C2_Write1ByteRegister@data(1), I2C2_Read2ByteRegister@returnValue(2), 
		 -> NULL(0), I2C2_Read1ByteRegister@returnValue(1), 
 Auto vars:     Size  Location     Type
		None
 Return value:  Size  Location     Type
                  1    wreg      enum E358
 Registers used:
		wreg, fsr1l, fsr1h, status,2, status,0, pclath, cstack
 Tracked objects:
		On entry : 
		On exit  : 
		Unchanged: 
 Data sizes:     COMMON   BANK0   BANK1   BANK2   BANK3   BANK4   BANK5   BANK6
      Params:         1       0       0       0       0       0       0       0
      Locals:         0       0       0       0       0       0       0       0
      Temps:          0       0       0       0       0       0       0       0
      Totals:         1       0       0       0       0       0       0       0
Total ram usage:        1 bytes
 Hardware stack levels used:    1
 Hardware stack levels required when called:    2
 This function calls:
		_I2C2_SetBuffer
		_I2C2_SetDataCompleteCallback
 This function is called by:
		_I2C2_Read1ByteRegister
		_I2C2_DO_TX
		_I2C2_DO_RX
		_I2C2_DO_TX_EMPTY
		_I2C2_DO_ADDRESS_NACK
		_I2C2_DO_RX_EMPTY
 This function uses a non-reentrant model


 *************** function _wr2RegCompleteHandler *****************
 Defined at:
		line 163 in file "mcc_generated_files/examples/i2c2_master_example.c"
 Parameters:    Size  Location     Type
  ptr             1    9[COMMON] PTR void 
		 -> I2C2_ReadDataBlock@bufferBlock(3), I2C2_Write2ByteRegister@data(2), I2C2_Write1ByteRegister@data(1), I2C2_Read2ByteRegister@returnValue(2), 
		 -> NULL(0), I2C2_Read1ByteRegister@returnValue(1), 
 Auto vars:     Size  Location     Type
		None
 Return value:  Size  Location     Type
                  1    wreg      enum E358
 Registers used:
		wreg, fsr1l, fsr1h, status,2, status,0, pclath, cstack
 Tracked objects:
		On entry : 
		On exit  : 
		Unchanged: 
 Data sizes:     COMMON   BANK0   BANK1   BANK2   BANK3   BANK4   BANK5   BANK6
      Params:         1       0       0       0       0       0       0       0
      Locals:         0       0       0       0       0       0       0       0
      Temps:          0       0       0       0       0       0       0       0
      Totals:         1       0       0       0       0       0       0       0
Total ram usage:        1 bytes
 Hardware stack levels used:    1
 Hardware stack levels required when called:    2
 This function calls:
		_I2C2_SetBuffer
		_I2C2_SetDataCompleteCallback
 This function is called by:
		_I2C2_Write2ByteRegister
		_I2C2_DO_TX
		_I2C2_DO_RX
		_I2C2_DO_TX_EMPTY
		_I2C2_DO_ADDRESS_NACK
		_I2C2_DO_RX_EMPTY
 This function uses a non-reentrant model


 *************** function _I2C2_SetDataCompleteCallback *****************
 Defined at:
		line 274 in file "mcc_generated_files/i2c2_master.c"
 Parameters:    Size  Location     Type
  cb              2    5[COMMON] PTR FTN(PTR void ,)enum 
		 -> Absolute function(1), rdBlkRegCompleteHandler(1), wr2RegCompleteHandler(1), wr1RegCompleteHandler(1), 
		 -> rd2RegCompleteHandler(1), rd1RegCompleteHandler(1), 
  ptr             1    7[COMMON] PTR void 
		 -> I2C2_ReadDataBlock@bufferBlock(3), I2C2_Write2ByteRegister@data(2), I2C2_Write1ByteRegister@data(1), I2C2_Read2ByteRegister@returnValue(2), 
		 -> NULL(0), I2C2_Read1ByteRegister@returnValue(1), 
 Auto vars:     Size  Location     Type
		None
 Return value:  Size  Location     Type
                  1    wreg      void 
 Registers used:
		wreg, fsr1l, fsr1h, status,2, status,0, pclath, cstack
 Tracked objects:
		On entry : 
		On exit  : 
		Unchanged: 
 Data sizes:     COMMON   BANK0   BANK1   BANK2   BANK3   BANK4   BANK5   BANK6
      Params:         3       0       0       0       0       0       0       0
      Locals:         0       0       0       0       0       0       0       0
      Temps:          1       0       0       0       0       0       0       0
      Totals:         4       0       0       0       0       0       0       0
Total ram usage:        4 bytes
 Hardware stack levels used:    1
 Hardware stack levels required when called:    1
 This function calls:
		_I2C2_SetCallback
 This function is called by:
		_rd1RegCompleteHandler
		_rd2RegCompleteHandler
		_wr1RegCompleteHandler
		_wr2RegCompleteHandler
		_rdBlkRegCompleteHandler
		_I2C2_Read1ByteRegister
		_I2C2_Read2ByteRegister
		_I2C2_Write1ByteRegister
		_I2C2_Write2ByteRegister
		_I2C2_ReadDataBlock
 This function uses a non-reentrant model


 *************** function _I2C2_SetCallback *****************
 Defined at:
		line 304 in file "mcc_generated_files/i2c2_master.c"
 Parameters:    Size  Location     Type
  idx             1    wreg     enum E12066
  cb              2    0[COMMON] PTR FTN(PTR void ,)enum 
		 -> Absolute function(1), rdBlkRegCompleteHandler(1), wr2RegCompleteHandler(1), wr1RegCompleteHandler(1), 
		 -> rd2RegCompleteHandler(1), rd1RegCompleteHandler(1), 
  ptr             1    2[COMMON] PTR void 
		 -> I2C2_ReadDataBlock@bufferBlock(3), I2C2_Write2ByteRegister@data(2), I2C2_Write1ByteRegister@data(1), I2C2_Read2ByteRegister@returnValue(2), 
		 -> NULL(0), I2C2_Read1ByteRegister@returnValue(1), 
 Auto vars:     Size  Location     Type
  idx             1    4[COMMON] enum E12066
 Return value:  Size  Location     Type
                  1    wreg      void 
 Registers used:
		wreg, fsr1l, fsr1h, status,2, status,0
 Tracked objects:
		On entry : 
		On exit  : 
		Unchanged: 
 Data sizes:     COMMON   BANK0   BANK1   BANK2   BANK3   BANK4   BANK5   BANK6
      Params:         3       0       0       0       0       0       0       0
      Locals:         1       0       0       0       0       0       0       0
      Temps:          1       0       0       0       0       0       0       0
      Totals:         5       0       0       0       0       0       0       0
Total ram usage:        5 bytes
 Hardware stack levels used:    1
 This function calls:
		Nothing
 This function is called by:
		_I2C2_SetDataCompleteCallback
		_I2C2_SetWriteCollisionCallback
		_I2C2_SetAddressNackCallback
		_I2C2_SetDataNackCallback
		_I2C2_SetTimeoutCallback
 This function uses a non-reentrant model


 *************** function _I2C2_SetBuffer *****************
 Defined at:
		line 264 in file "mcc_generated_files/i2c2_master.c"
 Parameters:    Size  Location     Type
  buffer          1    wreg     PTR void 
		 -> I2C2_ReadDataBlock@reg(1), I2C2_ReadDataBlock@bufferBlock(3), I2C2_Write2ByteRegister@reg(1), I2C2_Write2ByteRegister@data(2), 
		 -> I2C2_Write1ByteRegister@reg(1), I2C2_Write1ByteRegister@data(1), I2C2_Read2ByteRegister@reg(1), I2C2_Read2ByteRegister@returnValue(2), 
		 -> NULL(0), I2C2_Read1ByteRegister@reg(1), I2C2_Read1ByteRegister@returnValue(1), 
  bufferSize      2    0[COMMON] unsigned int 
 Auto vars:     Size  Location     Type
  buffer          1    3[COMMON] PTR void 
		 -> I2C2_ReadDataBlock@reg(1), I2C2_ReadDataBlock@bufferBlock(3), I2C2_Write2ByteRegister@reg(1), I2C2_Write2ByteRegister@data(2), 
		 -> I2C2_Write1ByteRegister@reg(1), I2C2_Write1ByteRegister@data(1), I2C2_Read2ByteRegister@reg(1), I2C2_Read2ByteRegister@returnValue(2), 
		 -> NULL(0), I2C2_Read1ByteRegister@reg(1), I2C2_Read1ByteRegister@returnValue(1), 
 Return value:  Size  Location     Type
                  1    wreg      void 
 Registers used:
		wreg
 Tracked objects:
		On entry : 
		On exit  : 
		Unchanged: 
 Data sizes:     COMMON   BANK0   BANK1   BANK2   BANK3   BANK4   BANK5   BANK6
      Params:         2       0       0       0       0       0       0       0
      Locals:         1       0       0       0       0       0       0       0
      Temps:          1       0       0       0       0       0       0       0
      Totals:         4       0       0       0       0       0       0       0
Total ram usage:        4 bytes
 Hardware stack levels used:    1
 This function calls:
		Nothing
 This function is called by:
		_rd1RegCompleteHandler
		_rd2RegCompleteHandler
		_wr1RegCompleteHandler
		_wr2RegCompleteHandler
		_rdBlkRegCompleteHandler
		_I2C2_Read1ByteRegister
		_I2C2_Read2ByteRegister
		_I2C2_Write1ByteRegister
		_I2C2_Write2ByteRegister
		_I2C2_WriteNBytes
		_I2C2_ReadNBytes
		_I2C2_ReadDataBlock
 This function uses a non-reentrant model


 *************** function _I2C2_MasterStop *****************
 Defined at:
		line 594 in file "mcc_generated_files/i2c2_master.c"
 Parameters:    Size  Location     Type
		None
 Auto vars:     Size  Location     Type
		None
 Return value:  Size  Location     Type
                  1    wreg      void 
 Registers used:
		None
 Tracked objects:
		On entry : 
		On exit  : 
		Unchanged: 
 Data sizes:     COMMON   BANK0   BANK1   BANK2   BANK3   BANK4   BANK5   BANK6
      Params:         0       0       0       0       0       0       0       0
      Locals:         0       0       0       0       0       0       0       0
      Temps:          0       0       0       0       0       0       0       0
      Totals:         0       0       0       0       0       0       0       0
Total ram usage:        0 bytes
 Hardware stack levels used:    1
 This function calls:
		Nothing
 This function is called by:
		_I2C2_DO_SEND_STOP
 This function uses a non-reentrant model


 *************** function _I2C2_MasterEnableRestart *****************
 Defined at:
		line 574 in file "mcc_generated_files/i2c2_master.c"
 Parameters:    Size  Location     Type
		None
 Auto vars:     Size  Location     Type
		None
 Return value:  Size  Location     Type
                  1    wreg      void 
 Registers used:
		None
 Tracked objects:
		On entry : 
		On exit  : 
		Unchanged: 
 Data sizes:     COMMON   BANK0   BANK1   BANK2   BANK3   BANK4   BANK5   BANK6
      Params:         0       0       0       0       0       0       0       0
      Locals:         0       0       0       0       0       0       0       0
      Temps:          0       0       0       0       0       0       0       0
      Totals:         0       0       0       0       0       0       0       0
Total ram usage:        0 bytes
 Hardware stack levels used:    1
 This function calls:
		Nothing
 This function is called by:
		_I2C2_DO_SEND_RESTART_READ
		_I2C2_DO_SEND_RESTART_WRITE
		_I2C2_DO_SEND_RESTART
		_I2C2_DO_RX_EMPTY
 This function uses a non-reentrant model



MODULE INFORMATION

Module		Function		Class		Link	Load	Size
mcc_generated_files/examples/i2c2_master_example.c
		_wr1RegCompleteHandler		CODE           	0200	0000	18
		_wr2RegCompleteHandler		CODE           	0233	0000	18
		_rdBlkRegCompleteHandler		CODE           	01E8	0000	25
		_rd1RegCompleteHandler		CODE           	0222	0000	18
		_rd2RegCompleteHandler		CODE           	0211	0000	18

mcc_generated_files/examples/i2c2_master_example.c estimated size: 97

mcc_generated_files/interrupt_manager.c
		_INTERRUPT_InterruptManager		CODE           	0004	0000	34

mcc_generated_files/interrupt_manager.c estimated size: 34

mcc_generated_files/pin_manager.c
		_PIN_MANAGER_Initialize		CODE           	00CE	0000	51

mcc_generated_files/pin_manager.c estimated size: 51

mcc_generated_files/i2c2_master.c
		_I2C2_DO_SEND_ADR_READ		CODE           	0289	0000	10
		_I2C2_DO_RX_NACK_STOP		CODE           	02C4	0000	6
		_I2C2_DO_SEND_RESTART		CODE           	02D3	0000	6
		_I2C2_DO_TX_EMPTY		CODE           	0100	0000	48
		_I2C2_DO_SEND_RESTART_READ		CODE           	02DD	0000	6
		_I2C2_CallbackReturnStop		CODE           	030F	0000	3
		_I2C2_MasterRead		CODE           	02B5	0000	6
		_I2C2_DO_RX    		CODE           	0088	0000	71
		_I2C2_DO_TX    		CODE           	0033	0000	86
		_I2C2_DO_IDLE  		CODE           	02E2	0000	6
		_I2C2_DO_RCEN  		CODE           	02A2	0000	8
		_I2C2_MasterSendTxData		CODE           	02E7	0000	6
		_I2C2_MasterStop		CODE           	0307	0000	4
		_I2C2_CallbackReturnReset		CODE           	030D	0000	3
		_I2C2_DO_RESET 		CODE           	02BA	0000	6
		_I2C2_MasterStartRx		CODE           	0304	0000	4
		_I2C2_DO_RX_ACK		CODE           	02C9	0000	6
		_I2C2_MasterSendNack		CODE           	02F4	0000	5
		_I2C2_DO_RX_NACK_RESTART		CODE           	02BF	0000	6
		_I2C2_MasterOperation		CODE           	01CC	0000	29
		_I2C2_SetCallback		CODE           	0186	0000	39
		_I2C2_MasterEnableRestart		CODE           	030A	0000	4
		_I2C2_DO_ADDRESS_NACK		CODE           	012F	0000	45
		_I2C2_SetBuffer		CODE           	0244	0000	17
		_I2C2_DO_SEND_RESTART_WRITE		CODE           	02D8	0000	6
		_I2C2_Initialize		CODE           	0280	0000	10
		_I2C2_MasterIsNack		CODE           	02AF	0000	7
		_I2C2_MasterStart		CODE           	02F8	0000	4
		_I2C2_DO_SEND_ADR_WRITE		CODE           	029A	0000	9
		_I2C2_MasterClearIrq		CODE           	02FB	0000	4
		_I2C2_SetDataCompleteCallback		CODE           	0261	0000	14
		_I2C2_DO_SEND_STOP		CODE           	02CE	0000	6
		_I2C2_MasterSendAck		CODE           	02F0	0000	5
		_I2C2_MasterFsm		CODE           	015B	0000	44
		_I2C2_MasterIsr		CODE           	02EC	0000	5
		_I2C2_MasterGetRxData		CODE           	0301	0000	4
		_I2C2_MasterSetIrq		CODE           	02FE	0000	4

mcc_generated_files/i2c2_master.c estimated size: 552

shared
		__initialization		CODE           	0027	0000	9
		_i2c2_fsmStateTable		STRCODE        	01AC	0000	33

shared estimated size: 42

mcc_generated_files/mcc.c
		_PMD_Initialize		CODE           	0292	0000	9
		_OSCILLATOR_Initialize		CODE           	0277	0000	10
		_SYSTEM_Initialize		CODE           	0254	0000	14

mcc_generated_files/mcc.c estimated size: 33

main.c
		_main          		CODE           	026E	0000	10

main.c estimated size: 10

